// Jest Snapshot v1, https://goo.gl/fbAQLP

exports[`SearchItemTemplates renders correctly 1`] = `
<div
  className="u-item listing-item result-item my-class"
>
  <div
    className="wrapper left-image"
  >
    <div
      className="slot-head"
    >
      Search listing meta
    </div>
    <div
      className="slot-top"
    >
      <div
        className="image-wrapper"
      >
        <img
          alt="Search listing title"
          className="ui image"
          src="/my-item-url/@@images/image/preview"
        />
      </div>
      <div
        className="listing-body"
      >
        <h3
          className="listing-header"
        >
          Search listing title
        </h3>
        <p
          className="listing-description"
        >
          Search listing description
        </p>
      </div>
    </div>
  </div>
</div>
`;
