// Jest Snapshot v1, https://goo.gl/fbAQLP

exports[`Item renders correctly 1`] = `
<div
  className="ui unstackable items row"
>
  <div
    className="item"
  >
    <i
      aria-hidden="true"
      className="big icon ri-home-line middle aligned"
      onClick={[Function]}
    />
    <div
      className="middle aligned content"
    >
      <div
        className="description"
      >
        some text
      </div>
    </div>
  </div>
</div>
`;
